c:\users\growt\desktop\digiducks\project\duckengine\scripting\scriptingapi\x64\editordebug\vc143.pdb
c:\users\growt\desktop\digiducks\project\duckengine\scripting\scriptingapi\x64\editordebug\.netcoreapp,version=v8.0.assemblyattributes.obj
c:\users\growt\desktop\digiducks\project\duckengine\scripting\scriptingapi\x64\editordebug\script.obj
c:\users\growt\desktop\digiducks\project\duckengine\scripting\scriptingapi\x64\editordebug\engineinterface.obj
c:\users\growt\desktop\digiducks\project\duckengine\build\editordebug\scriptingapi.dll
c:\users\growt\desktop\digiducks\project\duckengine\build\editordebug\scriptingapi.pdb
c:\users\brownies\desktop\digiducks\project\duckengine\scripting\scriptingapi\x64\editordebug\scriptingapi.assets.cache
c:\users\brownies\desktop\digiducks\project\duckengine\scripting\scriptingapi\x64\editordebug\scriptingapi.genruntimeconfig.cache
c:\users\brownies\desktop\digiducks\project\duckengine\scripting\scriptingapi\x64\editordebug\.netcoreapp,version=v8.0.assemblyattributes.obj
c:\users\brownies\desktop\digiducks\project\duckengine\scripting\scriptingapi\x64\editordebug\engineinterface.obj
c:\users\brownies\desktop\digiducks\project\duckengine\scripting\scriptingapi\x64\editordebug\script.obj
c:\users\brownies\desktop\digiducks\project\duckengine\scripting\scriptingapi\x64\editordebug\vc143.pdb
c:\users\brownies\desktop\digiducks\project\duckengine\scripting\scriptingapi\x64\editordebug\scriptingapi.tlog\cl.command.1.tlog
c:\users\brownies\desktop\digiducks\project\duckengine\scripting\scriptingapi\x64\editordebug\scriptingapi.tlog\cl.items.tlog
c:\users\brownies\desktop\digiducks\project\duckengine\scripting\scriptingapi\x64\editordebug\scriptingapi.tlog\cl.read.1.tlog
c:\users\brownies\desktop\digiducks\project\duckengine\scripting\scriptingapi\x64\editordebug\scriptingapi.tlog\cl.write.1.tlog
c:\users\brownies\desktop\digiducks\project\duckengine\scripting\scriptingapi\x64\editordebug\scriptingapi.tlog\link.command.1.tlog
c:\users\brownies\desktop\digiducks\project\duckengine\scripting\scriptingapi\x64\editordebug\scriptingapi.tlog\link.read.1.tlog
c:\users\brownies\desktop\digiducks\project\duckengine\scripting\scriptingapi\x64\editordebug\scriptingapi.tlog\link.secondary.1.tlog
c:\users\brownies\desktop\digiducks\project\duckengine\scripting\scriptingapi\x64\editordebug\scriptingapi.tlog\link.write.1.tlog
