  DuckEngine.cpp
  EntityManager.cpp
  GraphicsManager.cpp
C:\Users\growt\Desktop\DigiDucks\Project\DuckEngine\Engine\include\glslshader.h(183,17): warning C4251: 'GLSLShader::log_string': 'std::basic_string<char,std::char_traits<char>,std::allocator<char>>' needs to have dll-interface to be used by clients of 'GLSLShader'
  (compiling source file '../src/GraphicsManager.cpp')
      C:\Program Files\Microsoft Visual Studio\2022\Community\VC\Tools\MSVC\14.41.34120\include\xstring(527,7):
      see declaration of 'std::basic_string<char,std::char_traits<char>,std::allocator<char>>'
  
C:\Users\growt\Desktop\DigiDucks\Project\DuckEngine\Engine\include\GraphicsManager.h(54,17): warning C4251: 'GraphicsManager::title': 'std::basic_string<char,std::char_traits<char>,std::allocator<char>>' needs to have dll-interface to be used by clients of 'GraphicsManager'
  (compiling source file '../src/GraphicsManager.cpp')
      C:\Program Files\Microsoft Visual Studio\2022\Community\VC\Tools\MSVC\14.41.34120\include\xstring(527,7):
      see declaration of 'std::basic_string<char,std::char_traits<char>,std::allocator<char>>'
  
C:\Users\growt\Desktop\DigiDucks\Project\DuckEngine\Engine\include\GraphicsManager.h(59,39): warning C4251: 'GraphicsManager::shaders': 'std::map<std::string,GLSLShader,std::less<std::string>,std::allocator<std::pair<const std::string,GLSLShader>>>' needs to have dll-interface to be used by clients of 'GraphicsManager'
  (compiling source file '../src/GraphicsManager.cpp')
      C:\Program Files\Microsoft Visual Studio\2022\Community\VC\Tools\MSVC\14.41.34120\include\map(72,7):
      see declaration of 'std::map<std::string,GLSLShader,std::less<std::string>,std::allocator<std::pair<const std::string,GLSLShader>>>'
  
  SpriteRendererSystem.cpp
  SystemManager.cpp
C:\Users\growt\Desktop\DigiDucks\Project\DuckEngine\Engine\include\SystemManager.h(25,42): warning C4251: 'SystemManager::systems': 'std::vector<std::shared_ptr<System>,std::allocator<std::shared_ptr<System>>>' needs to have dll-interface to be used by clients of 'SystemManager'
  (compiling source file '../src/SystemManager.cpp')
      C:\Program Files\Microsoft Visual Studio\2022\Community\VC\Tools\MSVC\14.41.34120\include\vector(429,7):
      see declaration of 'std::vector<std::shared_ptr<System>,std::allocator<std::shared_ptr<System>>>'
  
  glslshader.cpp
C:\Users\growt\Desktop\DigiDucks\Project\DuckEngine\Engine\include\glslshader.h(183,17): warning C4251: 'GLSLShader::log_string': 'std::basic_string<char,std::char_traits<char>,std::allocator<char>>' needs to have dll-interface to be used by clients of 'GLSLShader'
  (compiling source file '../src/glslshader.cpp')
      C:\Program Files\Microsoft Visual Studio\2022\Community\VC\Tools\MSVC\14.41.34120\include\xstring(527,7):
      see declaration of 'std::basic_string<char,std::char_traits<char>,std::allocator<char>>'
  
  Generating Code...
glew32s.lib(glew.obj) : warning LNK4099: PDB '' was not found with 'glew32s.lib(glew.obj)' or at ''; linking object as if no debug info
     Creating library C:\Users\growt\Desktop\DigiDucks\Project\DuckEngine\Build\Debug\DuckEngine.lib and object C:\Users\growt\Desktop\DigiDucks\Project\DuckEngine\Build\Debug\DuckEngine.exp
LINK : warning LNK4098: defaultlib 'MSVCRT' conflicts with use of other libs; use /NODEFAULTLIB:library
LINK : warning LNK4098: defaultlib 'LIBCMT' conflicts with use of other libs; use /NODEFAULTLIB:library
  DuckEngine.vcxproj -> C:\Users\growt\Desktop\DigiDucks\Project\DuckEngine\Build\Debug\DuckEngine.dll
