c:\users\growt\desktop\digiducks\project\duckengine\engine\duckengine\vc143.pdb
c:\users\growt\desktop\digiducks\project\duckengine\engine\duckengine\vc143.idb
c:\users\growt\desktop\digiducks\project\duckengine\engine\duckengine\glslshader.obj
c:\users\growt\desktop\digiducks\project\duckengine\engine\duckengine\graphicsmanager.obj
c:\users\growt\desktop\digiducks\project\duckengine\engine\duckengine\entitymanager.obj
c:\users\growt\desktop\digiducks\project\duckengine\engine\duckengine\duckengine.obj
c:\users\growt\desktop\digiducks\project\duckengine\engine\duckengine\componentmanager.obj
c:\users\growt\desktop\digiducks\project\duckengine\build\debug\duckengine.dll
c:\users\growt\desktop\digiducks\project\duckengine\build\debug\duckengine.pdb
c:\users\growt\desktop\digiducks\project\duckengine\build\debug\duckengine.lib
c:\users\growt\desktop\digiducks\project\duckengine\build\debug\duckengine.exp
c:\users\growt\desktop\digiducks\project\duckengine\engine\duckengine\duckengine.ilk
c:\users\growt\desktop\digiducks\project\duckengine\engine\duckengine\duckengine.tlog\cl.command.1.tlog
c:\users\growt\desktop\digiducks\project\duckengine\engine\duckengine\duckengine.tlog\cl.items.tlog
c:\users\growt\desktop\digiducks\project\duckengine\engine\duckengine\duckengine.tlog\cl.read.1.tlog
c:\users\growt\desktop\digiducks\project\duckengine\engine\duckengine\duckengine.tlog\cl.write.1.tlog
c:\users\growt\desktop\digiducks\project\duckengine\engine\duckengine\duckengine.tlog\link.command.1.tlog
c:\users\growt\desktop\digiducks\project\duckengine\engine\duckengine\duckengine.tlog\link.read.1.tlog
c:\users\growt\desktop\digiducks\project\duckengine\engine\duckengine\duckengine.tlog\link.secondary.1.tlog
c:\users\growt\desktop\digiducks\project\duckengine\engine\duckengine\duckengine.tlog\link.write.1.tlog
