  EngineInterface.cpp
  Script.cpp
  .NETCoreApp,Version=v8.0.AssemblyAttributes.cpp
  Generating Code...
C:\Users\Brownies\Desktop\DigiDucks\Project\DuckEngine\Scripting\ScriptingAPI\x64\EditorRelease\.NETCoreApp,Version=v8.0.AssemblyAttributes.cpp(2,2): warning C4679: 'Parse': could not import item or its associated custom attribute
      C:\Users\Brownies\Desktop\DigiDucks\Project\DuckEngine\Scripting\ScriptingAPI\x64\EditorRelease\.NETCoreApp,Version=v8.0.AssemblyAttributes.cpp(2,2):
      static virtual methods of interfaces are not supported and will be unavailable
      C:\Users\Brownies\Desktop\DigiDucks\Project\DuckEngine\Scripting\ScriptingAPI\x64\EditorRelease\.NETCoreApp,Version=v8.0.AssemblyAttributes.cpp(2,2):
      This diagnostic occurred while importing type 'System::IParsable' from assembly 'System.Runtime, Version=8.0.0.0, Culture=neutral, PublicKeyToken=b03f5f7f11d50a3a'.
      C:\Users\Brownies\Desktop\DigiDucks\Project\DuckEngine\Scripting\ScriptingAPI\x64\EditorRelease\.NETCoreApp,Version=v8.0.AssemblyAttributes.cpp(2,2):
      This diagnostic occurred while importing type 'System::String' from assembly 'System.Runtime, Version=8.0.0.0, Culture=neutral, PublicKeyToken=b03f5f7f11d50a3a'.
  
C:\Users\Brownies\Desktop\DigiDucks\Project\DuckEngine\Scripting\ScriptingAPI\x64\EditorRelease\.NETCoreApp,Version=v8.0.AssemblyAttributes.cpp(2,2): warning C4679: 'TryParse': could not import item or its associated custom attribute
      C:\Users\Brownies\Desktop\DigiDucks\Project\DuckEngine\Scripting\ScriptingAPI\x64\EditorRelease\.NETCoreApp,Version=v8.0.AssemblyAttributes.cpp(2,2):
      static virtual methods of interfaces are not supported and will be unavailable
      C:\Users\Brownies\Desktop\DigiDucks\Project\DuckEngine\Scripting\ScriptingAPI\x64\EditorRelease\.NETCoreApp,Version=v8.0.AssemblyAttributes.cpp(2,2):
      This diagnostic occurred while importing type 'System::IParsable' from assembly 'System.Runtime, Version=8.0.0.0, Culture=neutral, PublicKeyToken=b03f5f7f11d50a3a'.
      C:\Users\Brownies\Desktop\DigiDucks\Project\DuckEngine\Scripting\ScriptingAPI\x64\EditorRelease\.NETCoreApp,Version=v8.0.AssemblyAttributes.cpp(2,2):
      This diagnostic occurred while importing type 'System::String' from assembly 'System.Runtime, Version=8.0.0.0, Culture=neutral, PublicKeyToken=b03f5f7f11d50a3a'.
  
  EngineInterface.obj : MSIL module encountered; incremental linking is disabled for MSIL; performing full link
  ScriptingAPI.vcxproj -> C:\Users\Brownies\Desktop\DigiDucks\Project\DuckEngine\Build\EditorRelease\ScriptingAPI.dll
